###############################################################################
#
# IAR ELF Linker V7.50.3.10732/W32 for ARM                23/Jun/2019  12:56:22
# Copyright 2007-2016 IAR Systems AB.
#
#    Output file  =  
#        D:\UserFile\410_GitLocalRepo\BluePill_STM32F103C8_sado\Builder\EWARM7.50\Debug\Exe\STM32F103-BluePill.out
#    Map file     =  
#        D:\UserFile\410_GitLocalRepo\BluePill_STM32F103C8_sado\Builder\EWARM7.50\Debug\List\STM32F103-BluePill.map
#    Command line =  
#        D:\UserFile\410_GitLocalRepo\BluePill_STM32F103C8_sado\Builder\EWARM7.50\Debug\Obj\BSP_LED.o
#        D:\UserFile\410_GitLocalRepo\BluePill_STM32F103C8_sado\Builder\EWARM7.50\Debug\Obj\heap_2.o
#        D:\UserFile\410_GitLocalRepo\BluePill_STM32F103C8_sado\Builder\EWARM7.50\Debug\Obj\hook.o
#        D:\UserFile\410_GitLocalRepo\BluePill_STM32F103C8_sado\Builder\EWARM7.50\Debug\Obj\list.o
#        D:\UserFile\410_GitLocalRepo\BluePill_STM32F103C8_sado\Builder\EWARM7.50\Debug\Obj\main.o
#        D:\UserFile\410_GitLocalRepo\BluePill_STM32F103C8_sado\Builder\EWARM7.50\Debug\Obj\port.o
#        D:\UserFile\410_GitLocalRepo\BluePill_STM32F103C8_sado\Builder\EWARM7.50\Debug\Obj\portasm.o
#        D:\UserFile\410_GitLocalRepo\BluePill_STM32F103C8_sado\Builder\EWARM7.50\Debug\Obj\queue.o
#        D:\UserFile\410_GitLocalRepo\BluePill_STM32F103C8_sado\Builder\EWARM7.50\Debug\Obj\startup_stm32f103xb.o
#        D:\UserFile\410_GitLocalRepo\BluePill_STM32F103C8_sado\Builder\EWARM7.50\Debug\Obj\stm32f1xx_hal.o
#        D:\UserFile\410_GitLocalRepo\BluePill_STM32F103C8_sado\Builder\EWARM7.50\Debug\Obj\stm32f1xx_hal_cortex.o
#        D:\UserFile\410_GitLocalRepo\BluePill_STM32F103C8_sado\Builder\EWARM7.50\Debug\Obj\stm32f1xx_hal_gpio.o
#        D:\UserFile\410_GitLocalRepo\BluePill_STM32F103C8_sado\Builder\EWARM7.50\Debug\Obj\stm32f1xx_hal_pwr.o
#        D:\UserFile\410_GitLocalRepo\BluePill_STM32F103C8_sado\Builder\EWARM7.50\Debug\Obj\stm32f1xx_hal_rcc.o
#        D:\UserFile\410_GitLocalRepo\BluePill_STM32F103C8_sado\Builder\EWARM7.50\Debug\Obj\stm32f1xx_hal_rcc_ex.o
#        D:\UserFile\410_GitLocalRepo\BluePill_STM32F103C8_sado\Builder\EWARM7.50\Debug\Obj\system_stm32f1xx.o
#        D:\UserFile\410_GitLocalRepo\BluePill_STM32F103C8_sado\Builder\EWARM7.50\Debug\Obj\tasks.o
#        D:\UserFile\410_GitLocalRepo\BluePill_STM32F103C8_sado\Builder\EWARM7.50\Debug\Obj\timers.o
#        -o
#        D:\UserFile\410_GitLocalRepo\BluePill_STM32F103C8_sado\Builder\EWARM7.50\Debug\Exe\STM32F103-BluePill.out
#        --map
#        D:\UserFile\410_GitLocalRepo\BluePill_STM32F103C8_sado\Builder\EWARM7.50\Debug\List\STM32F103-BluePill.map
#        --config
#        D:\UserFile\410_GitLocalRepo\BluePill_STM32F103C8_sado\Builder\EWARM7.50\..\..\CubeF1Drivers\stm32f103x8_flash.icf
#        --semihosting
#        D:\UserFile\410_GitLocalRepo\BluePill_STM32F103C8_sado\Builder\EWARM7.50\..\..\CubeF1Drivers\CMSIS\Lib\ARM\arm_cortexM3l_math.lib
#        --entry __iar_program_start --vfe
#
###############################################################################

*******************************************************************************
*** RUNTIME MODEL ATTRIBUTES
***

CppFlavor       = *
__SystemLibrary = DLib


*******************************************************************************
*** PLACEMENT SUMMARY
***

"A1":  place at 0x08000000 { ro section .intvec };
"P1":  place in [from 0x08000000 to 0x0800ffff] { ro };
"P2":  place in [from 0x20000000 to 0x20004fff] { rw, block CSTACK, block HEAP };

  Section            Kind        Address    Size  Object
  -------            ----        -------    ----  ------
"A1":                                       0xec
  .intvec            ro code  0x08000000    0xec  startup_stm32f103xb.o [1]
                            - 0x080000ec    0xec

"P1":                                     0x263c
  .text              ro code  0x080000ec   0x918  tasks.o [1]
  CODE               ro code  0x08000a04    0x7c  portasm.o [1]
  .text              ro code  0x08000a80   0x198  port.o [1]
  .text              ro code  0x08000c18    0x98  list.o [1]
  .text              ro code  0x08000cb0   0x350  timers.o [1]
  .text              ro code  0x08001000    0x32  hook.o [1]
  .rodata            const    0x08001032     0x2  heap_2.o [1]
  .text              ro code  0x08001034    0x62  memcmp_unaligned.o [4]
  .rodata            const    0x08001096     0x2  stm32f1xx_hal_rcc.o [1]
  .text              ro code  0x08001098   0x12c  heap_2.o [1]
  .text              ro code  0x080011c4    0x66  ABImemset.o [4]
  .text              ro code  0x0800122c   0x54a  queue.o [1]
  .text              ro code  0x08001778   0x214  stm32f1xx_hal_gpio.o [1]
  .text              ro code  0x0800198c    0x76  ABImemcpy_unaligned.o [4]
  .text              ro code  0x08001a04   0x6c8  stm32f1xx_hal_rcc.o [1]
  .text              ro code  0x080020cc    0x58  stm32f1xx_hal.o [1]
  .text              ro code  0x08002124    0xdc  stm32f1xx_hal_cortex.o [1]
  .text              ro code  0x08002200   0x11c  stm32f1xx_hal_rcc_ex.o [1]
  .text              ro code  0x0800231c    0xc8  main.o [1]
  .text              ro code  0x080023e4    0x64  BSP_LED.o [1]
  .text              ro code  0x08002448     0x6  ABImemclr4.o [4]
  .text              ro code  0x08002450    0x32  ABImemset48.o [4]
  .text              ro code  0x08002484    0x68  system_stm32f1xx.o [1]
  .text              ro code  0x080024ec    0x40  zero_init3.o [4]
  .text              ro code  0x0800252c    0x2c  copy_init3.o [4]
  .text              ro code  0x08002558    0x28  data_init.o [4]
  .iar.init_table    const    0x08002580    0x24  - Linker created -
  .text              ro code  0x080025a4    0x1a  cmain.o [4]
  .text              ro code  0x080025be     0x4  low_level_init.o [3]
  .text              ro code  0x080025c2     0x4  exit.o [3]
  .text              ro code  0x080025c8     0xa  cexit.o [4]
  .text              ro code  0x080025d4    0x14  exit.o [5]
  Initializer bytes  const    0x080025e8    0x18  <for P2-1>
  .rodata            const    0x08002600    0x14  tasks.o [1]
  .rodata            const    0x08002614    0x10  stm32f1xx_hal_rcc.o [1]
  .rodata            const    0x08002624    0x10  system_stm32f1xx.o [1]
  .text              ro code  0x08002634    0x10  startup_stm32f103xb.o [1]
  .text              ro code  0x08002644     0xc  cstartup_M.o [4]
  .rodata            const    0x08002650     0x8  tasks.o [1]
  .rodata            const    0x08002658     0x8  timers.o [1]
  .rodata            const    0x08002660     0x4  port.o [1]
  .text              ro code  0x08002664     0x4  startup_stm32f103xb.o [1]
  .text              ro code  0x08002668     0x4  startup_stm32f103xb.o [1]
  .text              ro code  0x0800266c     0x4  startup_stm32f103xb.o [1]
  .text              ro code  0x08002670     0x4  startup_stm32f103xb.o [1]
  .text              ro code  0x08002674     0x4  startup_stm32f103xb.o [1]
  .text              ro code  0x08002678     0x4  startup_stm32f103xb.o [1]
  .text              ro code  0x0800267c     0x4  startup_stm32f103xb.o [1]
  .text              ro code  0x08002680     0x4  startup_stm32f103xb.o [1]
  .text              ro code  0x08002684     0x4  startup_stm32f103xb.o [1]
  .text              ro code  0x08002688     0x4  startup_stm32f103xb.o [1]
  .text              ro code  0x0800268c     0x4  startup_stm32f103xb.o [1]
  .text              ro code  0x08002690     0x4  startup_stm32f103xb.o [1]
  .text              ro code  0x08002694     0x4  startup_stm32f103xb.o [1]
  .text              ro code  0x08002698     0x4  startup_stm32f103xb.o [1]
  .text              ro code  0x0800269c     0x4  startup_stm32f103xb.o [1]
  .text              ro code  0x080026a0     0x4  startup_stm32f103xb.o [1]
  .text              ro code  0x080026a4     0x4  startup_stm32f103xb.o [1]
  .text              ro code  0x080026a8     0x4  startup_stm32f103xb.o [1]
  .text              ro code  0x080026ac     0x4  startup_stm32f103xb.o [1]
  .text              ro code  0x080026b0     0x4  startup_stm32f103xb.o [1]
  .text              ro code  0x080026b4     0x4  startup_stm32f103xb.o [1]
  .text              ro code  0x080026b8     0x4  startup_stm32f103xb.o [1]
  .text              ro code  0x080026bc     0x4  startup_stm32f103xb.o [1]
  .text              ro code  0x080026c0     0x4  startup_stm32f103xb.o [1]
  .text              ro code  0x080026c4     0x4  startup_stm32f103xb.o [1]
  .text              ro code  0x080026c8     0x4  startup_stm32f103xb.o [1]
  .text              ro code  0x080026cc     0x4  startup_stm32f103xb.o [1]
  .text              ro code  0x080026d0     0x4  startup_stm32f103xb.o [1]
  .text              ro code  0x080026d4     0x4  startup_stm32f103xb.o [1]
  .text              ro code  0x080026d8     0x4  startup_stm32f103xb.o [1]
  .text              ro code  0x080026dc     0x4  startup_stm32f103xb.o [1]
  .text              ro code  0x080026e0     0x4  startup_stm32f103xb.o [1]
  .text              ro code  0x080026e4     0x4  startup_stm32f103xb.o [1]
  .text              ro code  0x080026e8     0x4  startup_stm32f103xb.o [1]
  .text              ro code  0x080026ec     0x4  startup_stm32f103xb.o [1]
  .text              ro code  0x080026f0     0x4  startup_stm32f103xb.o [1]
  .text              ro code  0x080026f4     0x4  startup_stm32f103xb.o [1]
  .text              ro code  0x080026f8     0x4  startup_stm32f103xb.o [1]
  .text              ro code  0x080026fc     0x4  startup_stm32f103xb.o [1]
  .text              ro code  0x08002700     0x4  startup_stm32f103xb.o [1]
  .text              ro code  0x08002704     0x4  startup_stm32f103xb.o [1]
  .text              ro code  0x08002708     0x4  startup_stm32f103xb.o [1]
  .text              ro code  0x0800270c     0x4  startup_stm32f103xb.o [1]
  .text              ro code  0x08002710     0x4  startup_stm32f103xb.o [1]
  .text              ro code  0x08002714     0x4  startup_stm32f103xb.o [1]
  .text              ro code  0x08002718     0x4  startup_stm32f103xb.o [1]
  .text              ro code  0x0800271c     0x4  startup_stm32f103xb.o [1]
  .text              ro code  0x08002720     0x4  startup_stm32f103xb.o [1]
  .text              ro code  0x08002724     0x4  startup_stm32f103xb.o [1]
  .rodata            const    0x08002728     0x0  zero_init3.o [4]
  .rodata            const    0x08002728     0x0  copy_init3.o [4]
                            - 0x08002728  0x263c

"P2", part 1 of 3:                          0x18
  P2-1                        0x20000000    0x15  <Init block>
    .data            inited   0x20000000     0x4  heap_2.o [1]
    .data            inited   0x20000004     0x4  port.o [1]
    .data            inited   0x20000008     0x4  stm32f1xx_hal.o [1]
    .data            inited   0x2000000c     0x4  system_stm32f1xx.o [1]
    .data            inited   0x20000010     0x4  tasks.o [1]
    .data            inited   0x20000014     0x1  stm32f1xx_hal.o [1]
                            - 0x20000015    0x15

"P2", part 2 of 3:                         0x400
  CSTACK                      0x20000018   0x400  <Block>
    CSTACK           uninit   0x20000018   0x400  <Block tail>
                            - 0x20000418   0x400

"P2", part 3 of 3:                        0x2954
  .bss               zero     0x20000418  0x2800  heap_2.o [1]
  .bss               zero     0x20002c18    0x64  tasks.o [1]
  .bss               zero     0x20002c7c    0x14  tasks.o [1]
  .bss               zero     0x20002c90    0x14  tasks.o [1]
  .bss               zero     0x20002ca4    0x14  tasks.o [1]
  .bss               zero     0x20002cb8    0x14  tasks.o [1]
  .bss               zero     0x20002ccc    0x14  tasks.o [1]
  .bss               zero     0x20002ce0    0x14  timers.o [1]
  .bss               zero     0x20002cf4    0x14  timers.o [1]
  .bss               zero     0x20002d08     0x8  heap_2.o [1]
  .bss               zero     0x20002d10     0x8  heap_2.o [1]
  .bss               zero     0x20002d18     0x4  heap_2.o [1]
  .bss               zero     0x20002d1c     0x4  port.o [1]
  .bss               zero     0x20002d20     0x4  stm32f1xx_hal.o [1]
  .bss               zero     0x20002d24     0x4  tasks.o [1]
  .bss               zero     0x20002d28     0x4  tasks.o [1]
  .bss               zero     0x20002d2c     0x4  tasks.o [1]
  .bss               zero     0x20002d30     0x4  tasks.o [1]
  .bss               zero     0x20002d34     0x4  tasks.o [1]
  .bss               zero     0x20002d38     0x4  tasks.o [1]
  .bss               zero     0x20002d3c     0x4  tasks.o [1]
  .bss               zero     0x20002d40     0x4  tasks.o [1]
  .bss               zero     0x20002d44     0x4  tasks.o [1]
  .bss               zero     0x20002d48     0x4  tasks.o [1]
  .bss               zero     0x20002d4c     0x4  tasks.o [1]
  .bss               zero     0x20002d50     0x4  tasks.o [1]
  .bss               zero     0x20002d54     0x4  tasks.o [1]
  .bss               zero     0x20002d58     0x4  timers.o [1]
  .bss               zero     0x20002d5c     0x4  timers.o [1]
  .bss               zero     0x20002d60     0x4  timers.o [1]
  .bss               zero     0x20002d64     0x4  timers.o [1]
  .bss               zero     0x20002d68     0x1  hook.o [1]
  .bss               zero     0x20002d69     0x1  port.o [1]
                            - 0x20002d6a  0x2952


*******************************************************************************
*** INIT TABLE
***

          Address     Size
          -------     ----
Zero (__iar_zero_init3)
    1 destination range, total size 0x2952:
          0x20000418  0x2952

Copy (__iar_copy_init3)
    1 source range, total size 0x18 (114% of destination):
          0x080025e8    0x18
    1 destination range, total size 0x15:
          0x20000000    0x15



*******************************************************************************
*** MODULE SUMMARY
***

    Module                  ro code  ro data  rw data
    ------                  -------  -------  -------
D:\UserFile\410_GitLocalRepo\BluePill_STM32F103C8_sado\Builder\EWARM7.50\Debug\Obj: [1]
    BSP_LED.o                   100
    heap_2.o                    300        6   10 264
    hook.o                       50                 1
    list.o                      152
    main.o                      200
    port.o                      408        8        9
    portasm.o                   124
    queue.o                   1 354
    startup_stm32f103xb.o       448
    stm32f1xx_hal.o              88        5        9
    stm32f1xx_hal_cortex.o      220
    stm32f1xx_hal_gpio.o        532
    stm32f1xx_hal_rcc.o       1 736       18
    stm32f1xx_hal_rcc_ex.o      284
    system_stm32f1xx.o          104       20        4
    tasks.o                   2 328       32      256
    timers.o                    848        8       56
    -------------------------------------------------
    Total:                    9 276       97   10 599

command line: [2]
    -------------------------------------------------
    Total:

dl7M_tln.a: [3]
    exit.o                        4
    low_level_init.o              4
    -------------------------------------------------
    Total:                        8

rt7M_tl.a: [4]
    ABImemclr4.o                  6
    ABImemcpy_unaligned.o       118
    ABImemset.o                 102
    ABImemset48.o                50
    cexit.o                      10
    cmain.o                      26
    copy_init3.o                 44
    cstartup_M.o                 12
    data_init.o                  40
    memcmp_unaligned.o           98
    zero_init3.o                 64
    -------------------------------------------------
    Total:                      570

shb_l.a: [5]
    exit.o                       20
    -------------------------------------------------
    Total:                       20

    Gaps                         14
    Linker created                        39    1 024
-----------------------------------------------------
    Grand Total:              9 888      136   11 623


*******************************************************************************
*** ENTRY LIST
***

Entry                      Address    Size  Type      Object
-----                      -------    ----  ----      ------
.iar.init_table$$Base   0x08002580           --   Gb  - Linker created -
.iar.init_table$$Limit  0x080025a4           --   Gb  - Linker created -
?main                   0x080025a5          Code  Gb  cmain.o [4]
AHBPrescTable           0x08002624    0x10  Data  Gb  system_stm32f1xx.o [1]
BSP_LED_init            0x080023e5    0x64  Code  Gb  BSP_LED.o [1]
BSP_init                0x0800231d    0x20  Code  Lc  main.o [1]
CSTACK$$Base            0x20000018           --   Gb  - Linker created -
CSTACK$$Limit           0x20000418           --   Gb  - Linker created -
Error_Handler           0x08002341     0x2  Code  Gb  main.o [1]
HAL_GPIO_Init           0x08001779   0x1b6  Code  Gb  stm32f1xx_hal_gpio.o [1]
HAL_GPIO_TogglePin      0x08001943     0xa  Code  Gb  stm32f1xx_hal_gpio.o [1]
HAL_GPIO_WritePin       0x0800192f    0x14  Code  Gb  stm32f1xx_hal_gpio.o [1]
HAL_GetTick             0x0800210d     0x6  Code  Wk  stm32f1xx_hal.o [1]
HAL_InitTick            0x080020cd    0x40  Code  Wk  stm32f1xx_hal.o [1]
HAL_NVIC_SetPriority    0x080021bd    0x22  Code  Gb  stm32f1xx_hal_cortex.o [1]
HAL_RCCEx_PeriphCLKConfig
                        0x08002201   0x108  Code  Gb  stm32f1xx_hal_rcc_ex.o [1]
HAL_RCC_ClockConfig     0x08001e57   0x1ac  Code  Gb  stm32f1xx_hal_rcc.o [1]
HAL_RCC_GetSysClockFreq
                        0x08002003    0x66  Code  Gb  stm32f1xx_hal_rcc.o [1]
HAL_RCC_OscConfig       0x08001a05   0x452  Code  Gb  stm32f1xx_hal_rcc.o [1]
HAL_SYSTICK_Config      0x080021df     0x8  Code  Gb  stm32f1xx_hal_cortex.o [1]
NVIC_EncodePriority     0x08002151    0x3e  Code  Lc  stm32f1xx_hal_cortex.o [1]
NVIC_GetPriorityGrouping
                        0x08002125     0xa  Code  Lc  stm32f1xx_hal_cortex.o [1]
NVIC_SetPriority        0x0800212f    0x22  Code  Lc  stm32f1xx_hal_cortex.o [1]
PendSV_Handler          0x08000a05          Code  Gb  portasm.o [1]
RCC_Delay               0x08002069    0x24  Code  Lc  stm32f1xx_hal_rcc.o [1]
Region$$Table$$Base     0x08002580           --   Gb  - Linker created -
Region$$Table$$Limit    0x080025a4           --   Gb  - Linker created -
SVC_Handler             0x08000a4f          Code  Gb  portasm.o [1]
SysTick_Config          0x0800218f    0x2e  Code  Lc  stm32f1xx_hal_cortex.o [1]
SysTick_Handler         0x08000b85    0x1e  Code  Gb  port.o [1]
SystemClock_Config      0x08002343    0x92  Code  Lc  main.o [1]
SystemCoreClock         0x2000000c     0x4  Data  Gb  system_stm32f1xx.o [1]
SystemInit              0x08002485    0x4e  Code  Gb  system_stm32f1xx.o [1]
__aeabi_memclr4         0x08002449          Code  Gb  ABImemclr4.o [4]
__aeabi_memset          0x080011c5          Code  Gb  ABImemset.o [4]
__cmain                 0x080025a5          Code  Gb  cmain.o [4]
__exit                  0x080025d5    0x14  Code  Gb  exit.o [5]
__iar_Memset            0x080011c5          Code  Gb  ABImemset.o [4]
__iar_Memset4_word      0x08002451          Code  Gb  ABImemset48.o [4]
__iar_Memset8_word      0x08002451          Code  Gb  ABImemset48.o [4]
__iar_Memset_word       0x080011cd          Code  Gb  ABImemset.o [4]
__iar_copy_init3        0x0800252d    0x2c  Code  Gb  copy_init3.o [4]
__iar_data_init3        0x08002559    0x28  Code  Gb  data_init.o [4]
__iar_program_start     0x08002645          Code  Gb  cstartup_M.o [4]
__iar_unaligned___aeabi_memcpy
                        0x0800198d          Code  Gb  ABImemcpy_unaligned.o [4]
__iar_unaligned___aeabi_memcpy4
                        0x080019ad          Code  Gb  ABImemcpy_unaligned.o [4]
__iar_unaligned___aeabi_memcpy8
                        0x080019ad          Code  Gb  ABImemcpy_unaligned.o [4]
__iar_unaligned_memcmp  0x08001035          Code  Gb  memcmp_unaligned.o [4]
__iar_zero_init3        0x080024ed    0x40  Code  Gb  zero_init3.o [4]
__low_level_init        0x080025bf     0x4  Code  Gb  low_level_init.o [3]
__vector_table          0x08000000          Data  Gb  startup_stm32f103xb.o [1]
_call_main              0x080025b1          Code  Gb  cmain.o [4]
_exit                   0x080025c9          Code  Gb  cexit.o [4]
_main                   0x080025bb          Code  Gb  cmain.o [4]
exit                    0x080025c3     0x4  Code  Gb  exit.o [3]
heapSTRUCT_SIZE         0x08001032     0x2  Data  Lc  heap_2.o [1]
main                    0x080023d5    0x10  Code  Gb  main.o [1]
pcInterruptPriorityRegisters
                        0x08002660     0x4  Data  Lc  port.o [1]
prvAddCurrentTaskToDelayedList
                        0x0800083b    0x3e  Code  Lc  tasks.o [1]
prvAllocateTCBAndStack  0x08000895    0x46  Code  Lc  tasks.o [1]
prvCheckForValidListAndQueue
                        0x08000fab    0x3a  Code  Lc  timers.o [1]
prvCheckTasksWaitingTermination
                        0x080007e5    0x56  Code  Lc  tasks.o [1]
prvCopyDataFromQueue    0x0800166b    0x2a  Code  Lc  queue.o [1]
prvCopyDataToQueue      0x080015ef    0x7c  Code  Lc  queue.o [1]
prvDeleteTCB            0x080008db    0x12  Code  Lc  tasks.o [1]
prvGetNextExpireTime    0x08000dfb    0x28  Code  Lc  timers.o [1]
prvHeapInit             0x08001181    0x2a  Code  Lc  heap_2.o [1]
prvIdleTask             0x08000745    0x14  Code  Lc  tasks.o [1]
prvInitialiseTCBVariables
                        0x08000759    0x48  Code  Lc  tasks.o [1]
prvInitialiseTaskLists  0x080007a1    0x44  Code  Lc  tasks.o [1]
prvInsertTimerInActiveList
                        0x08000e4f    0x3e  Code  Lc  timers.o [1]
prvIsQueueEmpty         0x080016ff    0x1c  Code  Lc  queue.o [1]
prvIsQueueFull          0x0800171b    0x1e  Code  Lc  queue.o [1]
prvProcessExpiredTimer  0x08000d47    0x50  Code  Lc  timers.o [1]
prvProcessReceivedCommands
                        0x08000e8d    0xaa  Code  Lc  timers.o [1]
prvProcessTimerOrBlockTask
                        0x08000dad    0x4e  Code  Lc  timers.o [1]
prvSampleTimeNow        0x08000e23    0x2c  Code  Lc  timers.o [1]
prvSwitchTimerLists     0x08000f37    0x74  Code  Lc  timers.o [1]
prvTaskExitError        0x08000a9d    0x18  Code  Lc  port.o [1]
prvTimerTask            0x08000d99    0x14  Code  Lc  timers.o [1]
prvUnlockQueue          0x08001695    0x6a  Code  Lc  queue.o [1]
pvPortMalloc            0x08001099    0xae  Code  Gb  heap_2.o [1]
pxCurrentTCB            0x20002d24     0x4  Data  Gb  tasks.o [1]
pxCurrentTimerList      0x20002d58     0x4  Data  Lc  timers.o [1]
pxDelayedTaskList       0x20002d28     0x4  Data  Lc  tasks.o [1]
pxOverflowDelayedTaskList
                        0x20002d2c     0x4  Data  Lc  tasks.o [1]
pxOverflowTimerList     0x20002d5c     0x4  Data  Lc  timers.o [1]
pxPortInitialiseStack   0x08000a81    0x1c  Code  Gb  port.o [1]
pxReadyTasksLists       0x20002c18    0x64  Data  Lc  tasks.o [1]
tick_checker            0x20002d68     0x1  Data  Lc  hook.o [1]
ucHeap                  0x20000418  0x2800  Data  Lc  heap_2.o [1]
ucMaxSysCallPriority    0x20002d69     0x1  Data  Lc  port.o [1]
ulMaxPRIGROUPValue      0x20002d1c     0x4  Data  Lc  port.o [1]
ulPortSetInterruptMask  0x08000a3b          Code  Gb  portasm.o [1]
uwTick                  0x20002d20     0x4  Data  Gb  stm32f1xx_hal.o [1]
uwTickFreq              0x20000014     0x1  Data  Gb  stm32f1xx_hal.o [1]
uwTickPrio              0x20000008     0x4  Data  Gb  stm32f1xx_hal.o [1]
uxCriticalNesting       0x20000004     0x4  Data  Lc  port.o [1]
uxCurrentNumberOfTasks  0x20002d34     0x4  Data  Lc  tasks.o [1]
uxListRemove            0x08000c8b    0x26  Code  Gb  list.o [1]
uxPendedTicks           0x20002d48     0x4  Data  Lc  tasks.o [1]
uxSchedulerSuspended    0x20002d44     0x4  Data  Lc  tasks.o [1]
uxTaskNumber            0x20002d54     0x4  Data  Lc  tasks.o [1]
uxTasksDeleted          0x20002d30     0x4  Data  Lc  tasks.o [1]
uxTopReadyPriority      0x20002d3c     0x4  Data  Lc  tasks.o [1]
vApplicationStackOverflowHook
                        0x08001031     0x2  Code  Gb  hook.o [1]
vApplicationTickHook    0x08001001    0x26  Code  Gb  hook.o [1]
vListInitialise         0x08000c19    0x1e  Code  Gb  list.o [1]
vListInitialiseItem     0x08000c37     0x6  Code  Gb  list.o [1]
vListInsert             0x08000c55    0x36  Code  Gb  list.o [1]
vListInsertEnd          0x08000c3d    0x18  Code  Gb  list.o [1]
vPortClearInterruptMask
                        0x08000a49          Code  Gb  portasm.o [1]
vPortEnterCritical      0x08000b4f    0x1a  Code  Gb  port.o [1]
vPortExitCritical       0x08000b69    0x1c  Code  Gb  port.o [1]
vPortFree               0x08001147    0x3a  Code  Gb  heap_2.o [1]
vPortSetupTimerInterrupt
                        0x08000ba3     0xe  Code  Wk  port.o [1]
vPortStartFirstTask     0x08000a6b          Code  Gb  portasm.o [1]
vPortValidateInterruptPriority
                        0x08000bb5    0x38  Code  Gb  port.o [1]
vPortYield              0x08000b3d    0x12  Code  Gb  port.o [1]
vQueueWaitForMessageRestricted
                        0x08001739    0x3e  Code  Gb  queue.o [1]
vTaskMissedYield        0x0800073b     0xa  Code  Gb  tasks.o [1]
vTaskPlaceOnEventList   0x080005bb    0x4c  Code  Gb  tasks.o [1]
vTaskPlaceOnEventListRestricted
                        0x08000607    0x34  Code  Gb  tasks.o [1]
vTaskPriorityDisinherit
                        0x08000981    0x44  Code  Gb  tasks.o [1]
vTaskPriorityInherit    0x0800090f    0x6a  Code  Gb  tasks.o [1]
vTaskSetTimeOutState    0x080006af    0x1e  Code  Gb  tasks.o [1]
vTaskStartScheduler     0x08000239    0x56  Code  Gb  tasks.o [1]
vTaskSuspendAll         0x0800028f    0x10  Code  Gb  tasks.o [1]
vTaskSwitchContext      0x080004f1    0xca  Code  Gb  tasks.o [1]
xActiveTimerList1       0x20002ce0    0x14  Data  Lc  timers.o [1]
xActiveTimerList2       0x20002cf4    0x14  Data  Lc  timers.o [1]
xDelayedTaskList1       0x20002c7c    0x14  Data  Lc  tasks.o [1]
xDelayedTaskList2       0x20002c90    0x14  Data  Lc  tasks.o [1]
xEnd                    0x20002d10     0x8  Data  Lc  heap_2.o [1]
xFreeBytesRemaining     0x20000000     0x4  Data  Lc  heap_2.o [1]
xNextTaskUnblockTime    0x20000010     0x4  Data  Lc  tasks.o [1]
xNumOfOverflows         0x20002d50     0x4  Data  Lc  tasks.o [1]
xPendingReadyList       0x20002ca4    0x14  Data  Lc  tasks.o [1]
xPortStartScheduler     0x08000ab5    0x88  Code  Gb  port.o [1]
xQueueGenericCreate     0x080012a3    0x5c  Code  Gb  queue.o [1]
xQueueGenericReceive    0x080014bb   0x134  Code  Gb  queue.o [1]
xQueueGenericReset      0x0800122d    0x76  Code  Gb  queue.o [1]
xQueueGenericSend       0x080012ff   0x112  Code  Gb  queue.o [1]
xQueueGenericSendFromISR
                        0x08001411    0xaa  Code  Gb  queue.o [1]
xSchedulerRunning       0x20002d40     0x4  Data  Lc  tasks.o [1]
xStart                  0x20002d08     0x8  Data  Lc  heap_2.o [1]
xSuspendedTaskList      0x20002ccc    0x14  Data  Lc  tasks.o [1]
xTaskCheckForTimeOut    0x080006cd    0x6e  Code  Gb  tasks.o [1]
xTaskGenericCreate      0x080000ed   0x14c  Code  Gb  tasks.o [1]
xTaskGetCurrentTaskHandle
                        0x080008ed     0x6  Code  Gb  tasks.o [1]
xTaskGetSchedulerState  0x080008f3    0x1c  Code  Gb  tasks.o [1]
xTaskGetTickCount       0x08000383    0x14  Code  Gb  tasks.o [1]
xTaskIncrementTick      0x08000397   0x15a  Code  Gb  tasks.o [1]
xTaskRemoveFromEventList
                        0x0800063b    0x74  Code  Gb  tasks.o [1]
xTaskResumeAll          0x0800029f    0xe4  Code  Gb  tasks.o [1]
xTasksWaitingTermination
                        0x20002cb8    0x14  Data  Lc  tasks.o [1]
xTickCount              0x20002d38     0x4  Data  Lc  tasks.o [1]
xTimerCreateTimerTask   0x08000cb1    0x44  Code  Gb  timers.o [1]
xTimerGenericCommand    0x08000cf5    0x52  Code  Gb  timers.o [1]
xTimerQueue             0x20002d60     0x4  Data  Lc  timers.o [1]
xYieldPending           0x20002d4c     0x4  Data  Lc  tasks.o [1]


[1] = D:\UserFile\410_GitLocalRepo\BluePill_STM32F103C8_sado\Builder\EWARM7.50\Debug\Obj
[2] = command line
[3] = dl7M_tln.a
[4] = rt7M_tl.a
[5] = shb_l.a

   9 888 bytes of readonly  code memory
     136 bytes of readonly  data memory
  11 623 bytes of readwrite data memory

Errors: none
Warnings: none
